// Jest Snapshot v1, https://goo.gl/fbAQLP

exports[`Divider should match snapshot 1`] = `
<View
  style={
    Array [
      Object {
        "borderColor": "#CED6E1",
        "borderTopWidth": 1,
      },
      undefined,
    ]
  }
  testID="divider-test-id"
/>
`;
